// Jest Snapshot v1, https://goo.gl/fbAQLP

exports[`matches the snapshot 1`] = `
<div>
  <div
    className="bg-green-200 aboutUsTitle bg-no-repeat bg-auto"
    data-testid="AboutUsTitle"
  >
    <h1
      className="text-5xl text-center text-white py-20"
    >
      translation:pages.aboutus.title
    </h1>
  </div>
  <div>
    <h2
      className="text-2xl thintext-5xl text-center text-green-100 m-4 "
    >
      translation:pages.aboutus.subtitle
    </h2>
    <div
      className="text-base flex mx-8 mb-16"
    >
      <p>
        translation:pages.aboutus.paragraph1
      </p>
      <p>
        translation:pages.aboutus.paragraph2
      </p>
    </div>
  </div>
</div>
`;
