// Jest Snapshot v1, https://goo.gl/fbAQLP

exports[`matches the snapshot 1`] = `
<div
  className="bg-green-200 aboutUsTitle bg-no-repeat bg-auto"
  data-testid="AboutUsTitle"
>
  <h1
    className="text-5xl text-center text-white py-20"
  >
    OUR BUSSINESS
  </h1>
</div>
`;
